// Jest Snapshot v1, https://goo.gl/fbAQLP

exports[`MainPage renders correctly 1`] = `
<section
  class="MainPage__SectionStyled-jplvfi-0 gEeWgy"
>
  
  <div>
    <button
      class="Button__ButtonStyled-sc-102td2i-0 dfgSOm"
      data-testid="Montag"
      id="Montag"
    >
      <span
        class="day"
      >
        Montag
      </span>
      <span
        class="meal"
      >
        Gem√ºselasagne
      </span>
    </button>
  </div>
</section>
`;
